Extracting tags from: /share/klab/danthes/data/ArcticWhales_AADC
Output directory: /share/klab/danthes/lliessduques/baleen_whale_benchmark/legacy/cnn/slurm/outputs
Processing site: BallenyIslands2015
  Found 11 unique tags: ['BmAnt-A', 'BmAnt-B', 'BmAnt-Z', 'BmD', 'Bp20Hz', 'Bp20Plus', 'BpDwnswp', 'BpHigherCall', 'humpback', 'minke', 'unid']
Processing site: ElephantIsland2013Aural
  Found 9 unique tags: ['Bm.Ant-A.', 'Bm.Ant-B', 'Bm.Ant-Z', 'Bm.D', 'Bp-20Hz', 'Bp-20Plus', 'Bp-Downsweep', 'MinkeBio', 'MinkeDS']
Processing site: ElephantIsland2014
  Warning: Could not extract tag from recurrent_unknow_pulses.selections.txt
  Found 0 unique tags: []
Processing site: Greenwich64S2015
  Found 8 unique tags: ['Bm.Ant-A.', 'Bm.Ant-B', 'Bm.Ant-Z', 'Bm.D', 'Fin.20Hz', 'Fin.20Plus', 'Fin.DS', 'Unidentified.calls']
Processing site: MaudRise2014
  No selection files found in MaudRise2014
Processing site: RossSea2014
  Found 8 unique tags: ['Bm.Ant-A', 'Bm.Ant-B', 'Bm.Ant-Z', 'Bm.D', 'Bp.20Hz', 'Bp.20Plus', 'Bp.DS', 'unid']
Processing site: casey2014
  Found 8 unique tags: ['Bm.Ant-A', 'Bm.Ant-B', 'Bm.Ant-Z', 'Bm.D', 'Bp.20Hz', 'Bp.20Plus', 'Bp.Downsweep', 'Unidentified.calls']
Processing site: casey2017
  Found 8 unique tags: ['Bm.Ant-A', 'Bm.Ant-B', 'Bm.Ant-Z', 'Bm.D', 'Bp.20Hz', 'Bp.20Plus', 'Bp.Downsweep', 'Unidentified.calls']
Processing site: kerguelen2005
  Found 10 unique tags: ['Bm.Ant-A', 'Bm.Ant-A.', 'Bm.Ant-B', 'Bm.Ant-Z', 'Bm.D', 'Fin.20Hz', 'Fin.20Plus', 'Fin.DS', 'MinkeDS', 'Unidentified.calls.']
Processing site: kerguelen2014
  Found 8 unique tags: ['Bm.Ant-A', 'Bm.Ant-B', 'Bm.Ant-Z', 'Bm.D', 'Bp.20Hz', 'Bp.20Plus', 'Bp.Downsweep', 'Unidentified.calls']
Processing site: kerguelen2015
  Found 9 unique tags: ['Bm.Ant-A', 'Bm.Ant-B', 'Bm.Ant-Z', 'Bm.D', 'Fin.20Hz', 'Fin.20Plus', 'Fin.DS', 'MinkeDS', 'Unidentified.calls']

Tag mapping template saved to: /share/klab/danthes/lliessduques/baleen_whale_benchmark/legacy/cnn/slurm/outputs/tag_mapping_template.json
Total unique tags found: 30

Processing complete. Processed 9 sites.
Next steps:
1. Review tag_mapping_template.json
2. Replace location lists with target categories (20Plus, 20Hz, A, B, D, Dswp, Z, Noise, _IGNORE)
3. Save as tag_mapping.json and use with preprocessing workflow
